let s: string
s = "hello world!"
"hello world
This is a new line"
""special" 	 'test'"
"Hello"
