let a: (int array)
a = [1, 2, 3]
a = [1 ... 10]
a = [1, 2 ... 10]
