{ c h a n }
{ 1.300000 4.096000 0.989000 }
{ 1 3 89 }
{ true }
