let p: (real * real)
p = (2.1, 3.4)
let x: (int * real * int * char)
x = a
let y: (int * (int set) * int)
y = (0, 0, (2 + (x * 4)))
let z: (((int * int) set) * int)
