let S: (int set)
S = {2, (3 * x), (5 + 4)}
let T: (((real set) set) set)
T = {2.}
let E: (char set)
E = {}
