let a: int
a = 5
let b: int
b = 5
let c: int
c = (a + 5)
